// Jest Snapshot v1, https://goo.gl/fbAQLP

exports[`<LoadingTableBody /> should render LoadingTableBody 1`] = `
<Fragment>
  <WithStyles(ForwardRef(TableRow))
    key="0"
    role="checkbox"
  >
    <WithStyles(ForwardRef(TableCell))
      colSpan={3}
      padding="none"
    >
      <ContentLoader
        backgroundColor="#F0F4F8"
        foregroundColor="#BCCCDC"
        height={49}
        speed={2}
        width={1024}
      >
        <rect
          height="49"
          rx="0"
          ry="0"
          width="1024"
          x="0"
          y="0"
        />
      </ContentLoader>
    </WithStyles(ForwardRef(TableCell))>
  </WithStyles(ForwardRef(TableRow))>
  <WithStyles(ForwardRef(TableRow))
    key="1"
    role="checkbox"
  >
    <WithStyles(ForwardRef(TableCell))
      colSpan={3}
      padding="none"
    >
      <ContentLoader
        backgroundColor="#F0F4F8"
        foregroundColor="#BCCCDC"
        height={49}
        speed={2}
        width={1024}
      >
        <rect
          height="49"
          rx="0"
          ry="0"
          width="1024"
          x="0"
          y="0"
        />
      </ContentLoader>
    </WithStyles(ForwardRef(TableCell))>
  </WithStyles(ForwardRef(TableRow))>
  <WithStyles(ForwardRef(TableRow))
    key="2"
    role="checkbox"
  >
    <WithStyles(ForwardRef(TableCell))
      colSpan={3}
      padding="none"
    >
      <ContentLoader
        backgroundColor="#F0F4F8"
        foregroundColor="#BCCCDC"
        height={49}
        speed={2}
        width={1024}
      >
        <rect
          height="49"
          rx="0"
          ry="0"
          width="1024"
          x="0"
          y="0"
        />
      </ContentLoader>
    </WithStyles(ForwardRef(TableCell))>
  </WithStyles(ForwardRef(TableRow))>
  <WithStyles(ForwardRef(TableRow))
    key="3"
    role="checkbox"
  >
    <WithStyles(ForwardRef(TableCell))
      colSpan={3}
      padding="none"
    >
      <ContentLoader
        backgroundColor="#F0F4F8"
        foregroundColor="#BCCCDC"
        height={49}
        speed={2}
        width={1024}
      >
        <rect
          height="49"
          rx="0"
          ry="0"
          width="1024"
          x="0"
          y="0"
        />
      </ContentLoader>
    </WithStyles(ForwardRef(TableCell))>
  </WithStyles(ForwardRef(TableRow))>
  <WithStyles(ForwardRef(TableRow))
    key="4"
    role="checkbox"
  >
    <WithStyles(ForwardRef(TableCell))
      colSpan={3}
      padding="none"
    >
      <ContentLoader
        backgroundColor="#F0F4F8"
        foregroundColor="#BCCCDC"
        height={49}
        speed={2}
        width={1024}
      >
        <rect
          height="49"
          rx="0"
          ry="0"
          width="1024"
          x="0"
          y="0"
        />
      </ContentLoader>
    </WithStyles(ForwardRef(TableCell))>
  </WithStyles(ForwardRef(TableRow))>
  <WithStyles(ForwardRef(TableRow))
    key="5"
    role="checkbox"
  >
    <WithStyles(ForwardRef(TableCell))
      colSpan={3}
      padding="none"
    >
      <ContentLoader
        backgroundColor="#F0F4F8"
        foregroundColor="#BCCCDC"
        height={49}
        speed={2}
        width={1024}
      >
        <rect
          height="49"
          rx="0"
          ry="0"
          width="1024"
          x="0"
          y="0"
        />
      </ContentLoader>
    </WithStyles(ForwardRef(TableCell))>
  </WithStyles(ForwardRef(TableRow))>
  <WithStyles(ForwardRef(TableRow))
    key="6"
    role="checkbox"
  >
    <WithStyles(ForwardRef(TableCell))
      colSpan={3}
      padding="none"
    >
      <ContentLoader
        backgroundColor="#F0F4F8"
        foregroundColor="#BCCCDC"
        height={49}
        speed={2}
        width={1024}
      >
        <rect
          height="49"
          rx="0"
          ry="0"
          width="1024"
          x="0"
          y="0"
        />
      </ContentLoader>
    </WithStyles(ForwardRef(TableCell))>
  </WithStyles(ForwardRef(TableRow))>
  <WithStyles(ForwardRef(TableRow))
    key="7"
    role="checkbox"
  >
    <WithStyles(ForwardRef(TableCell))
      colSpan={3}
      padding="none"
    >
      <ContentLoader
        backgroundColor="#F0F4F8"
        foregroundColor="#BCCCDC"
        height={49}
        speed={2}
        width={1024}
      >
        <rect
          height="49"
          rx="0"
          ry="0"
          width="1024"
          x="0"
          y="0"
        />
      </ContentLoader>
    </WithStyles(ForwardRef(TableCell))>
  </WithStyles(ForwardRef(TableRow))>
  <WithStyles(ForwardRef(TableRow))
    key="8"
    role="checkbox"
  >
    <WithStyles(ForwardRef(TableCell))
      colSpan={3}
      padding="none"
    >
      <ContentLoader
        backgroundColor="#F0F4F8"
        foregroundColor="#BCCCDC"
        height={49}
        speed={2}
        width={1024}
      >
        <rect
          height="49"
          rx="0"
          ry="0"
          width="1024"
          x="0"
          y="0"
        />
      </ContentLoader>
    </WithStyles(ForwardRef(TableCell))>
  </WithStyles(ForwardRef(TableRow))>
  <WithStyles(ForwardRef(TableRow))
    key="9"
    role="checkbox"
  >
    <WithStyles(ForwardRef(TableCell))
      colSpan={3}
      padding="none"
    >
      <ContentLoader
        backgroundColor="#F0F4F8"
        foregroundColor="#BCCCDC"
        height={49}
        speed={2}
        width={1024}
      >
        <rect
          height="49"
          rx="0"
          ry="0"
          width="1024"
          x="0"
          y="0"
        />
      </ContentLoader>
    </WithStyles(ForwardRef(TableCell))>
  </WithStyles(ForwardRef(TableRow))>
</Fragment>
`;
