// Jest Snapshot v1, https://goo.gl/fbAQLP

exports[`<Home /> should render Home 1`] = `
<Home
  history={
    Object {
      "action": "POP",
      "block": [Function],
      "createHref": [Function],
      "go": [Function],
      "goBack": [Function],
      "goForward": [Function],
      "length": 1,
      "listen": [Function],
      "location": Object {
        "hash": "",
        "pathname": "/",
        "search": "",
        "state": undefined,
      },
      "push": [Function],
      "replace": [Function],
    }
  }
  location={
    Object {
      "hash": "",
      "pathname": "/route/1",
      "search": "",
      "state": undefined,
    }
  }
  match={
    Object {
      "isExact": false,
      "params": Object {
        "id": "1",
      },
      "path": "/route/:id",
      "url": "/route/1",
    }
  }
/>
`;
